<?xml version="1.0" encoding="utf-8"?><testsuites><testsuite name="pytest" errors="0" failures="0" skipped="0" tests="30" time="0.508" timestamp="2023-09-27T00:09:55.874580" hostname="nomii-latitude-3510"><testcase classname="tests.test_banking_api" name="test_signup" file="tests/test_banking_api.py" line="26" time="0.008" /><testcase classname="tests.test_banking_api" name="test_login_success" file="tests/test_banking_api.py" line="36" time="0.002" /><testcase classname="tests.test_banking_api" name="test_login_failure" file="tests/test_banking_api.py" line="46" time="0.003" /><testcase classname="tests.test_banking_api" name="test_deposit" file="tests/test_banking_api.py" line="62" time="0.005" /><testcase classname="tests.test_banking_api" name="test_withdraw" file="tests/test_banking_api.py" line="92" time="0.006" /><testcase classname="tests.test_banking_api" name="test_transfer" file="tests/test_banking_api.py" line="127" time="0.004" /><testcase classname="tests.test_banking_api" name="test_negative_deposit" file="tests/test_banking_api.py" line="150" time="0.003" /><testcase classname="tests.test_banking_api" name="test_login_invalid_email" file="tests/test_banking_api.py" line="168" time="0.002" /><testcase classname="tests.test_banking_api" name="test_overdraw" file="tests/test_banking_api.py" line="177" time="0.004" /><testcase classname="tests.test_banking_api" name="test_get_account_details" file="tests/test_banking_api.py" line="195" time="0.004" /><testcase classname="tests.test_banking_api" name="test_signup_failure" file="tests/test_banking_api.py" line="210" time="0.002" /><testcase classname="tests.test_banking_api" name="test_login_generic_exception_handling" file="tests/test_banking_api.py" line="223" time="0.002" /><testcase classname="tests.test_banking_api" name="test_deposit_generic_exception_handling" file="tests/test_banking_api.py" line="242" time="0.004" /><testcase classname="tests.test_banking_api" name="test_transfer_account_not_found" file="tests/test_banking_api.py" line="267" time="0.005" /><testcase classname="tests.test_banking_api" name="test_transfer_insufficient_funds" file="tests/test_banking_api.py" line="285" time="0.004" /><testcase classname="tests.test_banking_api" name="test_transfer_generic_exception" file="tests/test_banking_api.py" line="304" time="0.004" /><testcase classname="tests.test_banking_api" name="test_get_account_details_generic_exception" file="tests/test_banking_api.py" line="324" time="0.004" /><testcase classname="tests.test_banking_application" name="test_account_does_not_exist" file="tests/test_banking_application.py" line="91" time="0.001" /><testcase classname="tests.test_banking_application" name="test_deposit" file="tests/test_banking_application.py" line="99" time="0.003" /><testcase classname="tests.test_banking_application" name="test_withdraw" file="tests/test_banking_application.py" line="112" time="0.002" /><testcase classname="tests.test_banking_application" name="test_invalid_withdraw_amount" file="tests/test_banking_application.py" line="127" time="0.001" /><testcase classname="tests.test_banking_application" name="test_insufficient" file="tests/test_banking_application.py" line="141" time="0.002" /><testcase classname="tests.test_banking_application" name="test_transfer" file="tests/test_banking_application.py" line="157" time="0.006" /><testcase classname="tests.test_banking_application" name="test_closed" file="tests/test_banking_application.py" line="197" time="0.005" /><testcase classname="tests.test_banking_application" name="test_debit" file="tests/test_banking_application.py" line="250" time="0.002" /><testcase classname="tests.test_banking_application" name="test_overdraft" file="tests/test_banking_application.py" line="258" time="0.004" /><testcase classname="tests.test_banking_application" name="test_password" file="tests/test_banking_application.py" line="309" time="0.004" /><testcase classname="tests.test_banking_application" name="test_credit_closed_account" file="tests/test_banking_application.py" line="321" time="0.002" /><testcase classname="tests.test_banking_application" name="test_debit_closed_account" file="tests/test_banking_application.py" line="344" time="0.002" /><testcase classname="tests.test_banking_application" name="test_close_already_closed_account" file="tests/test_banking_application.py" line="366" time="0.002" /></testsuite></testsuites>